$ git pull
remote: Enumerating objects: 5, done.
remote: Counting objects: 100% (5/5), done.
remote: Compressing objects: 100% (2/2), done.
remote: Total 3 (delta 0), reused 0 (delta 0), pack-reused 0
Unpacking objects: 100% (3/3), 729 bytes | 5.00 KiB/s, done.
From https://github.com/OsipovSergei/RepoNameOsipovForMergeConflict
   5102e17..f971bfd  main       -> origin/main
Auto-merging conflictTesting
CONFLICT (content): Merge conflict in conflictTesting
Automatic merge failed; fix conflicts and then commit the result.

Serj@Serjpc MINGW64 ~/Homework19/RepoNameOsipovForMergeConflict (main|MERGING)
$ cat conflictTesting
<<<<<<< HEAD
this line contains very important text , added bank accounts info
=======
this line contains very important text , this text is full of passwords,logins,credit card information
>>>>>>> f971bfd6a2fd611245ca6a1aa9ee7b6573378be4
second line is also very important
third line
Serj@Serjpc MINGW64 ~/Homework19/RepoNameOsipovForMergeConflict (main|MERGING)

remove <<<,====,>>>,delete text that not needed,add text that is needed or leave all as it is

$ git status
On branch main
Your branch and 'origin/main' have diverged,
and have 1 and 1 different commits each, respectively.
  (use "git pull" to merge the remote branch into yours)

You have unmerged paths.
  (fix conflicts and run "git commit")
  (use "git merge --abort" to abort the merge)

Unmerged paths:
  (use "git add <file>..." to mark resolution)
        both modified:   conflictTesting

no changes added to commit (use "git add" and/or "git commit -a")

Serj@Serjpc MINGW64 ~/Homework19/RepoNameOsipovForMergeConflict (main|MERGING)
$ git add conflictTesting

Serj@Serjpc MINGW64 ~/Homework19/RepoNameOsipovForMergeConflict (main|MERGING)
$ git commit -m "adding conflictTesting fixed"
[main d5606ab] adding conflictTesting fixed

Serj@Serjpc MINGW64 ~/Homework19/RepoNameOsipovForMergeConflict (main)
$ git push
Enumerating objects: 10, done.
Counting objects: 100% (10/10), done.
Delta compression using up to 4 threads
Compressing objects: 100% (4/4), done.
Writing objects: 100% (6/6), 609 bytes | 609.00 KiB/s, done.
Total 6 (delta 2), reused 0 (delta 0), pack-reused 0
remote: Resolving deltas: 100% (2/2), completed with 1 local object.
To https://github.com/OsipovSergei/RepoNameOsipovForMergeConflict.git
   f971bfd..d5606ab  main -> main
